2026-05-12 09:26:57,527 INFO o.a.j.u.JMeterUtils: Setting Locale to en_EN
2026-05-12 09:26:57,540 INFO o.a.j.JMeter: Loading user properties from: /opt/homebrew/Cellar/jmeter/5.6.3/libexec/bin/user.properties
2026-05-12 09:26:57,541 INFO o.a.j.JMeter: Loading system properties from: /opt/homebrew/Cellar/jmeter/5.6.3/libexec/bin/system.properties
2026-05-12 09:26:57,543 INFO o.a.j.JMeter: Copyright (c) 1998-2024 The Apache Software Foundation
2026-05-12 09:26:57,544 INFO o.a.j.JMeter: Version 5.6.3
2026-05-12 09:26:57,544 INFO o.a.j.JMeter: java.version=21.0.8
2026-05-12 09:26:57,544 INFO o.a.j.JMeter: java.vm.name=OpenJDK 64-Bit Server VM
2026-05-12 09:26:57,544 INFO o.a.j.JMeter: os.name=Mac OS X
2026-05-12 09:26:57,544 INFO o.a.j.JMeter: os.arch=aarch64
2026-05-12 09:26:57,544 INFO o.a.j.JMeter: os.version=26.2
2026-05-12 09:26:57,544 INFO o.a.j.JMeter: file.encoding=UTF-8
2026-05-12 09:26:57,544 INFO o.a.j.JMeter: java.awt.headless=null
2026-05-12 09:26:57,544 INFO o.a.j.JMeter: Max memory     =1073741824
2026-05-12 09:26:57,544 INFO o.a.j.JMeter: Available Processors =10
2026-05-12 09:26:57,550 INFO o.a.j.JMeter: Default Locale=English (EN)
2026-05-12 09:26:57,550 INFO o.a.j.JMeter: JMeter  Locale=English (EN)
2026-05-12 09:26:57,550 INFO o.a.j.JMeter: JMeterHome=/opt/homebrew/Cellar/jmeter/5.6.3/libexec
2026-05-12 09:26:57,551 INFO o.a.j.JMeter: user.dir  =/Users/darbata/Developer/urlshortener
2026-05-12 09:26:57,551 INFO o.a.j.JMeter: PWD       =/Users/darbata/Developer/urlshortener
2026-05-12 09:26:57,554 INFO o.a.j.JMeter: IP: 127.0.0.1 Name: Darrens-MacBook-Pro-2.local FullName: localhost
2026-05-12 09:26:57,560 INFO o.a.j.JMeter: Loaded icon properties from org/apache/jmeter/images/icon.properties
2026-05-12 09:26:57,841 INFO o.a.j.JMeterGuiLauncher: Setting LAF to: com.github.weisj.darklaf.DarkLaf:com.github.weisj.darklaf.theme.DarculaTheme
2026-05-12 09:26:58,921 INFO o.a.j.r.ClassFinder: Will scan jar /opt/homebrew/Cellar/jmeter/5.6.3/libexec/lib/ext/mqtt-xmeter-2.0.2-jar-with-dependencies.jar with filter ExtendsClassFilter [parents=[interface org.apache.jmeter.gui.action.Command], inner=false, contains=null, notContains=null]. Consider exposing JMeter plugins via META-INF/services, and add JMeter-Skip-Class-Scanning=true manifest attribute so JMeter can skip classfile scanning
2026-05-12 09:26:59,142 INFO o.a.j.r.ClassFinder: Will scan jar /opt/homebrew/Cellar/jmeter/5.6.3/libexec/lib/ext/mqtt-jmeter-0.0.1-SNAPSHOT.jar with filter ExtendsClassFilter [parents=[interface org.apache.jmeter.gui.action.Command], inner=false, contains=null, notContains=null]. Consider exposing JMeter plugins via META-INF/services, and add JMeter-Skip-Class-Scanning=true manifest attribute so JMeter can skip classfile scanning
2026-05-12 09:26:59,144 INFO o.a.j.r.ClassFinder: Will scan jar /opt/homebrew/Cellar/jmeter/5.6.3/libexec/lib/ext/jmeter-plugins-manager-1.12.jar with filter ExtendsClassFilter [parents=[interface org.apache.jmeter.gui.action.Command], inner=false, contains=null, notContains=null]. Consider exposing JMeter plugins via META-INF/services, and add JMeter-Skip-Class-Scanning=true manifest attribute so JMeter can skip classfile scanning
2026-05-12 09:26:59,222 INFO o.a.j.r.ClassFinder: Will scan jar /opt/homebrew/Cellar/jmeter/5.6.3/libexec/lib/ext/mqtt-xmeter-2.0.2-jar-with-dependencies.jar with filter ExtendsClassFilter [parents=[interface org.apache.jmeter.gui.plugin.MenuCreator], inner=false, contains=null, notContains=null]. Consider exposing JMeter plugins via META-INF/services, and add JMeter-Skip-Class-Scanning=true manifest attribute so JMeter can skip classfile scanning
2026-05-12 09:26:59,228 INFO o.a.j.r.ClassFinder: Will scan jar /opt/homebrew/Cellar/jmeter/5.6.3/libexec/lib/ext/mqtt-jmeter-0.0.1-SNAPSHOT.jar with filter ExtendsClassFilter [parents=[interface org.apache.jmeter.gui.plugin.MenuCreator], inner=false, contains=null, notContains=null]. Consider exposing JMeter plugins via META-INF/services, and add JMeter-Skip-Class-Scanning=true manifest attribute so JMeter can skip classfile scanning
2026-05-12 09:26:59,228 INFO o.a.j.r.ClassFinder: Will scan jar /opt/homebrew/Cellar/jmeter/5.6.3/libexec/lib/ext/jmeter-plugins-manager-1.12.jar with filter ExtendsClassFilter [parents=[interface org.apache.jmeter.gui.plugin.MenuCreator], inner=false, contains=null, notContains=null]. Consider exposing JMeter plugins via META-INF/services, and add JMeter-Skip-Class-Scanning=true manifest attribute so JMeter can skip classfile scanning
2026-05-12 09:26:59,281 INFO o.j.r.JARSourceHTTP: Requesting https://jmeter-plugins.org/repo/?installID=mac_os_x-0e3ec28b83c4f149ff116865d59458d1-gui
2026-05-12 09:27:01,319 INFO o.j.r.PluginManager: Plugins Status: [mqtt-xmeter=2.0.2, mqtt-sampler=0.0.1-SNAPSHOT, jpgc-plugins-manager=1.12, jmeter-core=5.6.3, jmeter-ftp=5.6.3, jmeter-http=5.6.3, jmeter-jdbc=5.6.3, jmeter-jms=5.6.3, jmeter-junit=5.6.3, jmeter-java=5.6.3, jmeter-ldap=5.6.3, jmeter-mail=5.6.3, jmeter-mongodb=5.6.3, jmeter-native=5.6.3, jmeter-tcp=5.6.3, jmeter-components=5.6.3]
2026-05-12 09:27:47,803 INFO o.a.j.s.FileServer: Default base='/Users/darbata/Developer/urlshortener'
2026-05-12 09:27:47,805 INFO o.a.j.g.a.Load: Loading file: /Users/darbata/Developer/testing-urlshortener/TestUrlShortener.jmx
2026-05-12 09:27:47,805 INFO o.a.j.s.FileServer: Set new base='/Users/darbata/Developer/testing-urlshortener'
2026-05-12 09:27:47,902 INFO o.a.j.s.SaveService: Testplan (JMX) version: 2.2. Testlog (JTL) version: 2.2
2026-05-12 09:27:47,905 INFO o.a.j.s.SaveService: Using SaveService properties version 5.0
2026-05-12 09:27:47,906 INFO o.a.j.s.SaveService: Using SaveService properties file encoding UTF-8
2026-05-12 09:27:47,907 INFO o.a.j.s.SaveService: Loading file: /Users/darbata/Developer/testing-urlshortener/TestUrlShortener.jmx
2026-05-12 09:27:47,945 INFO o.a.j.p.h.s.HTTPSamplerBase: Parser for text/html is org.apache.jmeter.protocol.http.parser.LagartoBasedHtmlParser
2026-05-12 09:27:47,945 INFO o.a.j.p.h.s.HTTPSamplerBase: Parser for application/xhtml+xml is org.apache.jmeter.protocol.http.parser.LagartoBasedHtmlParser
2026-05-12 09:27:47,945 INFO o.a.j.p.h.s.HTTPSamplerBase: Parser for application/xml is org.apache.jmeter.protocol.http.parser.LagartoBasedHtmlParser
2026-05-12 09:27:47,945 INFO o.a.j.p.h.s.HTTPSamplerBase: Parser for text/xml is org.apache.jmeter.protocol.http.parser.LagartoBasedHtmlParser
2026-05-12 09:27:47,945 INFO o.a.j.p.h.s.HTTPSamplerBase: Parser for text/vnd.wap.wml is org.apache.jmeter.protocol.http.parser.RegexpHTMLParser
2026-05-12 09:27:47,945 INFO o.a.j.p.h.s.HTTPSamplerBase: Parser for text/css is org.apache.jmeter.protocol.http.parser.CssParser
2026-05-12 09:27:48,149 INFO o.a.j.s.FileServer: Set new base='/Users/darbata/Developer/testing-urlshortener'
